verifyTrackingOrderContact
